[    7630ms] [WARNING] The resource https://abs.twimg.com/responsive-web/client-web/shared~loader.Dock~bundle.ConnectTab~ondemand.XChat~bundle.DockPeek~bundle.LiveEvent~ondemand.ChatDrawer~load.8a7e4eca.js was preloaded using link preload but not used within a few seconds from the window's load event. Please make sure it has an appropriate `as` value and it is preloaded intentionally. @ https://x.com/:0
[    7630ms] [WARNING] The resource https://abs.twimg.com/responsive-web/client-web/shared~bundle.Routes~ondemand.HoverCard~ondemand.CommandCenter~bundle.LiveEvent~bundle.Communities~bundle.Gro.cd2deafa.js was preloaded using link preload but not used within a few seconds from the window's load event. Please make sure it has an appropriate `as` value and it is preloaded intentionally. @ https://x.com/:0
[    7630ms] [WARNING] The resource https://abs.twimg.com/responsive-web/client-web/shared~loader.Dock~loaders.video.PlayerBase~bundle.TwitterArticles~bundle.ComposeMedia~bundle.ConnectTab~bund.6674658a.js was preloaded using link preload but not used within a few seconds from the window's load event. Please make sure it has an appropriate `as` value and it is preloaded intentionally. @ https://x.com/:0
[    7630ms] [WARNING] The resource https://abs.twimg.com/responsive-web/client-web/shared~loader.Dock~bundle.ConnectTab~bundle.DockPeek~bundle.LiveEvent~loader.JetfuelFrame~JetfuelWrapper~load.35f723ba.js was preloaded using link preload but not used within a few seconds from the window's load event. Please make sure it has an appropriate `as` value and it is preloaded intentionally. @ https://x.com/:0
[    7630ms] [WARNING] The resource https://abs.twimg.com/responsive-web/client-web/JetfuelWrapper.4f83cefa.js was preloaded using link preload but not used within a few seconds from the window's load event. Please make sure it has an appropriate `as` value and it is preloaded intentionally. @ https://x.com/:0
[    8936ms] [ERROR] Not signed in with the identity provider. @ https://x.com/:0
[    8977ms] [ERROR] [GSI_LOGGER]: FedCM get() rejects with AbortError: signal is aborted without reason @ https://accounts.google.com/gsi/client:85
[    8977ms] [ERROR] Not signed in with the identity provider. @ https://x.com/:0
[   13343ms] [INFO] Banner not shown: beforeinstallpromptevent.preventDefault() called. The page must call beforeinstallpromptevent.prompt() to show the banner. @ https://x.com/i/flow/login?redirect_after_login=%2Fcompose%2Farticles:0
[   13343ms] [ERROR] Not signed in with the identity provider. @ https://x.com/i/flow/login?redirect_after_login=%2Fcompose%2Farticles:0
[   13347ms] [ERROR] [GSI_LOGGER]: FedCM get() rejects with AbortError: signal is aborted without reason @ https://accounts.google.com/gsi/client:85
[   13347ms] [ERROR] Not signed in with the identity provider. @ https://x.com/i/flow/login?redirect_after_login=%2Fcompose%2Farticles:0
[   13349ms] [ERROR] [GSI_LOGGER]: FedCM get() rejects with AbortError: signal is aborted without reason @ https://accounts.google.com/gsi/client:85
[   13349ms] [ERROR] Not signed in with the identity provider. @ https://x.com/i/flow/login?redirect_after_login=%2Fcompose%2Farticles:0
[   16219ms] [ERROR] [GSI_LOGGER]: FedCM get() rejects with AbortError: signal is aborted without reason @ https://accounts.google.com/gsi/client:85
[   19222ms] [WARNING] The resource https://abs.twimg.com/responsive-web/client-web/shared~loader.Dock~bundle.ConnectTab~ondemand.XChat~bundle.DockPeek~bundle.LiveEvent~ondemand.ChatDrawer~load.8a7e4eca.js was preloaded using link preload but not used within a few seconds from the window's load event. Please make sure it has an appropriate `as` value and it is preloaded intentionally. @ https://x.com/i/flow/login?redirect_after_login=%2Fcompose%2Farticles:0
[   19222ms] [WARNING] The resource https://abs.twimg.com/responsive-web/client-web/shared~loader.Dock~loaders.video.PlayerBase~bundle.TwitterArticles~bundle.ComposeMedia~bundle.ConnectTab~bund.6674658a.js was preloaded using link preload but not used within a few seconds from the window's load event. Please make sure it has an appropriate `as` value and it is preloaded intentionally. @ https://x.com/i/flow/login?redirect_after_login=%2Fcompose%2Farticles:0
[   19222ms] [WARNING] The resource https://abs.twimg.com/responsive-web/client-web/shared~loader.Dock~bundle.ConnectTab~bundle.DockPeek~bundle.LiveEvent~loader.JetfuelFrame~JetfuelWrapper~load.35f723ba.js was preloaded using link preload but not used within a few seconds from the window's load event. Please make sure it has an appropriate `as` value and it is preloaded intentionally. @ https://x.com/i/flow/login?redirect_after_login=%2Fcompose%2Farticles:0
[   19222ms] [WARNING] The resource https://abs.twimg.com/responsive-web/client-web/JetfuelWrapper.4f83cefa.js was preloaded using link preload but not used within a few seconds from the window's load event. Please make sure it has an appropriate `as` value and it is preloaded intentionally. @ https://x.com/i/flow/login?redirect_after_login=%2Fcompose%2Farticles:0
[   27077ms] [WARNING] The resource https://abs.twimg.com/responsive-web/client-web/shared~loader.Dock~bundle.ConnectTab~ondemand.XChat~bundle.DockPeek~bundle.LiveEvent~ondemand.ChatDrawer~load.8a7e4eca.js was preloaded using link preload but not used within a few seconds from the window's load event. Please make sure it has an appropriate `as` value and it is preloaded intentionally. @ https://x.com/i/flow/login?redirect_after_login=%2Fcompose%2Farticles:0
[   27077ms] [WARNING] The resource https://abs.twimg.com/responsive-web/client-web/shared~loader.Dock~loaders.video.PlayerBase~bundle.TwitterArticles~bundle.ComposeMedia~bundle.ConnectTab~bund.6674658a.js was preloaded using link preload but not used within a few seconds from the window's load event. Please make sure it has an appropriate `as` value and it is preloaded intentionally. @ https://x.com/i/flow/login?redirect_after_login=%2Fcompose%2Farticles:0
[   27077ms] [WARNING] The resource https://abs.twimg.com/responsive-web/client-web/shared~loader.Dock~bundle.ConnectTab~bundle.DockPeek~bundle.LiveEvent~loader.JetfuelFrame~JetfuelWrapper~load.35f723ba.js was preloaded using link preload but not used within a few seconds from the window's load event. Please make sure it has an appropriate `as` value and it is preloaded intentionally. @ https://x.com/i/flow/login?redirect_after_login=%2Fcompose%2Farticles:0
[   27077ms] [WARNING] The resource https://abs.twimg.com/responsive-web/client-web/JetfuelWrapper.4f83cefa.js was preloaded using link preload but not used within a few seconds from the window's load event. Please make sure it has an appropriate `as` value and it is preloaded intentionally. @ https://x.com/i/flow/login?redirect_after_login=%2Fcompose%2Farticles:0
[   58070ms] [ERROR] Cross-Origin-Opener-Policy policy would block the window.postMessage call. @ https://accounts.google.com/gsi/client:378
[   58071ms] [ERROR] Cross-Origin-Opener-Policy policy would block the window.postMessage call. @ https://accounts.google.com/gsi/client:378
[   64357ms] [WARNING] The resource https://abs.twimg.com/responsive-web/client-web/shared~loader.Dock~bundle.ConnectTab~ondemand.XChat~bundle.DockPeek~bundle.LiveEvent~ondemand.ChatDrawer~load.8a7e4eca.js was preloaded using link preload but not used within a few seconds from the window's load event. Please make sure it has an appropriate `as` value and it is preloaded intentionally. @ https://x.com/i/flow/single_sign_on:0
[   64357ms] [WARNING] The resource https://abs.twimg.com/responsive-web/client-web/shared~loader.Dock~loaders.video.PlayerBase~bundle.TwitterArticles~bundle.ComposeMedia~bundle.ConnectTab~bund.6674658a.js was preloaded using link preload but not used within a few seconds from the window's load event. Please make sure it has an appropriate `as` value and it is preloaded intentionally. @ https://x.com/i/flow/single_sign_on:0
[   64357ms] [WARNING] The resource https://abs.twimg.com/responsive-web/client-web/shared~loader.Dock~bundle.ConnectTab~bundle.DockPeek~bundle.LiveEvent~loader.JetfuelFrame~JetfuelWrapper~load.35f723ba.js was preloaded using link preload but not used within a few seconds from the window's load event. Please make sure it has an appropriate `as` value and it is preloaded intentionally. @ https://x.com/i/flow/single_sign_on:0
[   64357ms] [WARNING] The resource https://abs.twimg.com/responsive-web/client-web/JetfuelWrapper.4f83cefa.js was preloaded using link preload but not used within a few seconds from the window's load event. Please make sure it has an appropriate `as` value and it is preloaded intentionally. @ https://x.com/i/flow/single_sign_on:0
[   64750ms] [ERROR] Cross-Origin-Opener-Policy policy would block the window.postMessage call. @ https://accounts.google.com/gsi/client:378
[   64750ms] [ERROR] Cross-Origin-Opener-Policy policy would block the window.postMessage call. @ https://accounts.google.com/gsi/client:378
[   72075ms] [WARNING] The resource https://abs.twimg.com/responsive-web/client-web/shared~loader.Dock~bundle.ConnectTab~ondemand.XChat~bundle.DockPeek~bundle.LiveEvent~ondemand.ChatDrawer~load.8a7e4eca.js was preloaded using link preload but not used within a few seconds from the window's load event. Please make sure it has an appropriate `as` value and it is preloaded intentionally. @ https://x.com/i/flow/single_sign_on:0
[   72075ms] [WARNING] The resource https://abs.twimg.com/responsive-web/client-web/shared~loader.Dock~loaders.video.PlayerBase~bundle.TwitterArticles~bundle.ComposeMedia~bundle.ConnectTab~bund.6674658a.js was preloaded using link preload but not used within a few seconds from the window's load event. Please make sure it has an appropriate `as` value and it is preloaded intentionally. @ https://x.com/i/flow/single_sign_on:0
[   72075ms] [WARNING] The resource https://abs.twimg.com/responsive-web/client-web/shared~loader.Dock~bundle.ConnectTab~bundle.DockPeek~bundle.LiveEvent~loader.JetfuelFrame~JetfuelWrapper~load.35f723ba.js was preloaded using link preload but not used within a few seconds from the window's load event. Please make sure it has an appropriate `as` value and it is preloaded intentionally. @ https://x.com/i/flow/single_sign_on:0
[   72075ms] [WARNING] The resource https://abs.twimg.com/responsive-web/client-web/JetfuelWrapper.4f83cefa.js was preloaded using link preload but not used within a few seconds from the window's load event. Please make sure it has an appropriate `as` value and it is preloaded intentionally. @ https://x.com/i/flow/single_sign_on:0
[   99300ms] [ERROR] Cross-Origin-Opener-Policy policy would block the window.postMessage call. @ https://accounts.google.com/gsi/client:378
[   99300ms] [ERROR] Cross-Origin-Opener-Policy policy would block the window.postMessage call. @ https://accounts.google.com/gsi/client:378
[  104391ms] [ERROR] The request has been aborted. @ https://x.com/i/flow/single_sign_on:0
[  104392ms] [ERROR] [GSI_LOGGER]: FedCM get() rejects with AbortError: signal is aborted without reason @ https://accounts.google.com/gsi/client:85
[  104392ms] [ERROR] [GSI_LOGGER]: FedCM get() rejects with AbortError: signal is aborted without reason @ https://accounts.google.com/gsi/client:85
[  104392ms] [ERROR] The request has been aborted. @ https://x.com/i/flow/single_sign_on:0
